// Jest Snapshot v1, https://goo.gl/fbAQLP

exports[`renders properly 1`] = `
<div
  className="product-container"
>
  <div
    className="loading-container"
  >
    <div
      className="custom-loader"
    />
  </div>
</div>
`;
