// Jest Snapshot v1, https://goo.gl/fbAQLP

exports[`renders properly 1`] = `
<div
  className="loading-container-home"
>
  <div
    className="custom-loader"
  />
</div>
`;
